// Jest Snapshot v1, https://goo.gl/fbAQLP

exports[`it should match snapshot 1`] = `
<span
  class="inline-flex items-center border justify-center rounded w-full h-full p-2 bg-white border-violet-200 text-slate-600"
>
  <span
    class="uppercase font-medium text-xl"
  >
    A
  </span>
</span>
`;
