// Jest Snapshot v1, https://goo.gl/fbAQLP

exports[`it should match snapshot 1`] = `
<div
  class="grid grid-cols-5 gap-1"
>
  <span
    class="inline-flex items-center border justify-center rounded w-full h-full p-2 bg-white border-violet-200 text-slate-600"
  >
    <span
      class="uppercase font-semibold text-xl"
    >
      h
    </span>
  </span>
  <span
    class="inline-flex items-center border justify-center rounded w-full h-full p-2 bg-white border-violet-200 text-slate-600"
  >
    <span
      class="uppercase font-semibold text-xl"
    >
      e
    </span>
  </span>
  <span
    class="inline-flex items-center border justify-center rounded w-full h-full p-2 bg-white border-violet-200 text-slate-600"
  >
    <span
      class="uppercase font-semibold text-xl"
    >
      l
    </span>
  </span>
  <span
    class="inline-flex items-center border justify-center rounded w-full h-full p-2 bg-white border-violet-200 text-slate-600"
  >
    <span
      class="uppercase font-semibold text-xl"
    >
      l
    </span>
  </span>
  <span
    class="inline-flex items-center border justify-center rounded w-full h-full p-2 bg-white border-violet-200 text-slate-600"
  >
    <span
      class="uppercase font-semibold text-xl"
    >
      o
    </span>
  </span>
</div>
`;
