// Jest Snapshot v1, https://goo.gl/fbAQLP

exports[`it should match snapshot 1`] = `
<button
  class="p-2 bg-slate-600 text-white"
>
  <span
    class="uppercase"
  >
    A
  </span>
</button>
`;
